<h1>
This is a Basic Fixture
</h1>
<p>
It is used for testing the parsing functionality of documents in mdrun.
</p>
<p>
Here is a code block as an example:
</p>
<pre><code class="language-sh">echo "Hello World"
</code></pre><div id="c2hlY2hv"><button onclick="execBlock('c2hlY2hv')">Run</button></div>
</hr>
<h2>
This is a Subheading
</h2>
<p>
Someone once said:
</p>
<div class="well">
<p>
Tests are important :)
</p>
</div>
