<h1>
Documented Github Example
</h1>
<p>
This markdown file was built by following examples from 
<a href="https://docs.github.com/en/get-started/writing-on-github/getting-started-with-writing-and-formatting-on-github/basic-writing-and-formatting-syntax">
the Github Markdown documentation
</a>
.
</p>
<h1>
The largest heading
</h1>
<h2>
The second largest heading
</h2>
<h6>
The smallest heading
</h6>
<p>

<strong>
this text
</strong>
 and  
<strong>
this text
</strong>
 is both bolded
</p>
<p>

<em>
this text
</em>
 and 
<em>
this text
</em>
 is both italicized
</p>
<p>

<strong>
This text is 
<em>
extremely
</em>
 important
</strong>
</p>
<p>

<strong>
<em>
All this text is important
</em>
</strong>
</p>
<div class="well">
<p>
Text that is a quote
</p>
</div>
<p>
Use 
<code>
 to list all new or modified files that haven't yet been committed.
</p>
<p>
Some basic Git commands are:
</p>
<pre><code class="language-">git status
git add
git commit
</code></pre>
<p>
This site was built using 
<a href="https://pages.github.com/">
GitHub Pages
</a>
.
</p>
<p>

<img src="https://myoctocat.com/assets/images/base-octocat.svg">
This is an image
</img>
</p>
<ul>
<li>
<p>
George Washington
</p>
</li>
<li>
<p>
John Adams
</p>
</li>
<li>
<p>
Thomas Jefferson
</p>
</li>
</ul>
<ol>
<li>
<p>
James Madison
</p>
</li>
<li>
<p>
James Monroe
</p>
</li>
<li>
<p>
John Quincy Adams
</p>
</li>
<li>
<p>
First list item
</p>
<ul>
<li>
<p>
First nested list item
</p>
<ul>
<li>
<p>
Second nested list item
</p>
</li>
</ul>
</li>
</ul>
</li>
<li>
<p>
First list item
</p>
<ul>
<li>
<p>
First nested list item
</p>
</li>
</ul>
</li>
</ol>
<ul>
<li>
<p>
<input type="checkbox" checked="" disabled="">
<a href="https://github.com/octo-org/octo-repo/issues/740">
https://github.com/octo-org/octo-repo/issues/740
</a>

</p>
</li>
<li>
<p>
<input type="checkbox" disabled="">Add delight to the experience when all tasks are complete :tada:
</p>
</li>
</ul>
<!-- This content will not appear in the rendered Markdown -->
<p>
Let's rename 
*
our-new-project
*
 to 
*
our-old-project
*
.
</p>
<table>
<thead>
<tr>
<td>
First Header
</td>
<td>
Second Header
</td>
</tr>
</thead>
<tbody>
<tr>
<td>
Content Cell
</td>
<td>
Content Cell
</td>
</tr>
<tr>
<td>
Content Cell
</td>
<td>
Content Cell
</td>
</tr>
</tbody>
</table>
