<!DOCTYPE html>
<html>
<head>
  <title></title>
  <meta name="GENERATOR" content="Blackfriday Markdown Processor v2.0">
  <meta charset="utf-8">
</head>
<body>

<script src='/-/static/js/app.js'></script>
<h1>Header 1</h1>

<p>Some content</p>

<pre><code class="language-sh">echo &quot;Hello world&quot;
</code></pre>
<div id="c2hlY2hv"><button onclick="execBlock('c2hlY2hv')">Run</button></div>
</body>
</html>
