<!doctype html>
<html>
  <head>
    <title>mdrun doc</title>
    <meta name="description" content="Our first page">
    <meta name="keywords" content="html tutorial template">
    <meta name="GENERATOR" content="Mdrun powered by Blackfriday 2">
    <link rel="stylesheet" href="/-/static/css/normalize.js">
    
    <link rel="stylesheet" href="/-/static/css/style.js">
    </head>
  <body>
    Content goes here.

    <script src="/-/static/js/app.js"></script>
    </body>
</html>
